// Jest Snapshot v1, https://goo.gl/fbAQLP

exports[`Renders Filters Component should render correctly 1`] = `ShallowWrapper {}`;
